// Jest Snapshot v1, https://goo.gl/fbAQLP

exports[`function react fc 1`] = `
Object {
  "TypedInitializedFunction": Object {
    "generics": Array [
      Object {
        "name": "Props",
      },
    ],
    "kind": 11,
    "name": "TypedInitializedFunction",
    "parameters": Array [
      Object {
        "generics": Array [
          Object {
            "name": "P",
          },
        ],
        "kind": 15,
        "name": "props",
        "properties": Array [
          Object {
            "kind": 1,
            "name": "m",
            "optional": true,
            "parent": Object {
              "name": "Props",
              "token": "f3f2f08a-587d-47f0-a905-613c94dc79d6",
            },
          },
          Object {
            "kind": 4,
            "name": "children",
            "optional": true,
            "parent": Object {
              "name": "PropsWithChildren",
              "token": "b2311635-2d2a-474e-9607-8e212ad22693",
            },
            "properties": Array [
              Object {
                "kind": 4,
                "properties": Array [
                  Object {
                    "kind": 4,
                    "properties": Array [
                      Object {
                        "generics": Array [
                          Object {
                            "name": "P",
                          },
                          Object {
                            "name": "T",
                          },
                        ],
                        "kind": 14,
                        "properties": Array [
                          Object {
                            "name": "type",
                          },
                          Object {
                            "name": "props",
                          },
                          Object {
                            "name": "key",
                          },
                        ],
                        "type": "ReactElement",
                      },
                      Object {
                        "kind": 4,
                        "properties": Array [
                          Object {
                            "kind": 1,
                          },
                          Object {
                            "kind": 2,
                          },
                        ],
                        "type": "ReactText",
                      },
                    ],
                    "type": "ReactChild",
                  },
                  Object {
                    "kind": 4,
                    "properties": Array [
                      Object {
                        "kind": 15,
                      },
                      Object {
                        "extends": Array [
                          Object {
                            "name": "ReadonlyArray",
                          },
                        ],
                        "kind": 14,
                        "properties": Array [
                          Object {
                            "index": Object {
                              "kind": 2,
                              "name": "n",
                            },
                            "kind": 20,
                            "prop": Object {
                              "type": "T",
                            },
                          },
                        ],
                        "type": "ReactNodeArray",
                      },
                    ],
                    "type": "ReactFragment",
                  },
                  Object {
                    "extends": Array [
                      Object {
                        "name": "ReactElement",
                        "token": "e47515cb-210c-418b-8682-c10b830f34a0",
                      },
                    ],
                    "kind": 14,
                    "properties": Array [
                      Object {
                        "kind": 4,
                        "name": "key",
                        "properties": Array [
                          Object {
                            "kind": 15,
                            "type": "Key",
                          },
                          Object {
                            "kind": 10,
                          },
                        ],
                      },
                      Object {
                        "kind": 15,
                        "name": "children",
                        "type": "ReactNode",
                      },
                      Object {
                        "name": "type",
                        "parent": Object {
                          "name": "ReactElement",
                          "token": "fc9257bd-9bc3-403a-a153-93112d896714",
                        },
                        "type": "T",
                      },
                      Object {
                        "kind": 17,
                        "name": "props",
                        "parent": Object {
                          "name": "ReactElement",
                          "token": "5b3ae18f-6315-4f73-bfac-10c52bf45142",
                        },
                        "type": "P",
                      },
                    ],
                    "type": "ReactPortal",
                  },
                  Object {
                    "kind": 3,
                  },
                  Object {
                    "kind": 10,
                  },
                  Object {
                    "kind": 8,
                  },
                ],
                "type": "ReactNode",
              },
              Object {
                "kind": 8,
              },
            ],
          },
        ],
        "type": "PropsWithChildren",
      },
    ],
    "properties": Array [
      Object {
        "kind": 4,
        "name": "propTypes",
        "optional": true,
        "parent": Object {
          "name": "FunctionComponent",
          "token": "ba3bf90e-4a0d-40ca-bd13-584249218941",
        },
        "properties": Array [
          Object {
            "generics": Array [
              Object {
                "name": "T",
              },
            ],
            "kind": 15,
            "type": "WeakValidationMap",
          },
          Object {
            "kind": 8,
          },
        ],
      },
      Object {
        "kind": 4,
        "name": "contextTypes",
        "optional": true,
        "parent": Object {
          "name": "FunctionComponent",
          "token": "f1c5edb2-3fd4-4ee5-9c29-fc1824946215",
        },
        "properties": Array [
          Object {
            "generics": Array [
              Object {
                "name": "T",
              },
            ],
            "kind": 15,
            "type": "ValidationMap",
          },
          Object {
            "kind": 8,
          },
        ],
      },
      Object {
        "kind": 4,
        "name": "defaultProps",
        "optional": true,
        "parent": Object {
          "name": "FunctionComponent",
          "token": "78508f56-e532-449b-8ba2-ee608fa3e1d8",
        },
        "properties": Array [
          Object {
            "generics": Array [
              Object {
                "type": "P",
              },
            ],
            "kind": 15,
            "type": "Partial",
          },
          Object {
            "kind": 8,
          },
        ],
      },
      Object {
        "kind": 4,
        "name": "displayName",
        "optional": true,
        "parent": Object {
          "name": "FunctionComponent",
          "token": "f8e74da5-c56f-4fab-bbe0-a66d77ebb71d",
        },
        "properties": Array [
          Object {
            "kind": 1,
          },
          Object {
            "kind": 8,
          },
        ],
      },
    ],
    "returns": Object {
      "kind": 12,
      "optional": true,
    },
    "type": "FC",
  },
}
`;
